2025-06-02 08:00:02,858 [INFO] 모니터링 서버 시작 (http://0.0.0.0:9503)
2025-06-02 10:09:18,439 [INFO] 매수 주문 실행: 034730 - 164000원 x 24주 = 3936000원, 타입: VOLATILE_UPTREND, reason: 상승 추세 진입 (모멘텀: 1.1)
2025-06-02 10:24:22,840 [INFO] 매도 주문 실행: 034730 - 164000원 x 24주 = 3936000원, 타입: VOLATILE_UPTREND, 이윤률: 0.5497861942577886%, reason: 거래량 감소, VOLATILE_UPTREND
2025-06-02 10:27:24,143 [INFO] 매수 주문 실행: 000070 - 80100원 x 50주 = 4005000원, 타입: VOLATILE_UPTREND, reason: 상승 추세 진입 (모멘텀: 1.1)
2025-06-02 10:39:26,820 [INFO] 매수 주문 실행: 035720 - 43000원 x 93주 = 3999000원, 타입: VOLATILE_UPTREND, reason: 상승 추세 진입 (모멘텀: 0.9)
2025-06-02 10:45:28,689 [INFO] 매도 주문 실행: 000070 - 78900원 x 50주 = 3945000원, 타입: VOLATILE_UPTREND, 이윤률: -1.4981273408239701%, reason: 즉시 손절, VOLATILE_UPTREND
2025-06-02 12:21:42,088 [INFO] 매수 주문 실행: 000660 - 207000원 x 28주 = 5796000원, 타입: STABLE_UPTREND, reason: 상승 추세 진입 (모멘텀: 1.0)
2025-06-02 13:00:45,429 [INFO] 매도 주문 실행: 035720 - 42800원 x 93주 = 3980400원, 타입: VOLATILE_UPTREND, 이윤률: -0.46511627906976744%, reason: 장기보유(+3h) 초저손절 청산, VOLATILE_UPTREND
2025-06-02 15:21:53,046 [INFO] 매도 주문 실행: 000660 - 208000원 x 28주 = 5824000원, 타입: STABLE_UPTREND, 이윤률: 0.24154589371980675%, reason: 장 마감 청산, STABLE_UPTREND
2025-06-03 08:00:02,683 [INFO] 모니터링 서버 시작 (http://0.0.0.0:9503)
2025-06-04 08:00:02,357 [INFO] 모니터링 서버 시작 (http://0.0.0.0:9503)
2025-06-04 09:00:01,665 [INFO] 매도 주문 실행: 000660 - 218000원 x 28주 = 6104000원, 타입: VOLATILE_UPTREND, 이윤률: 5.314009661835748%, reason: 부분 익절, VOLATILE_UPTREND
2025-06-04 09:27:05,286 [INFO] 매수 주문 실행: 005930 - 57500원 x 104주 = 5980000원, 타입: VOLATILE_UPTREND, reason: 상승 추세 진입 (모멘텀: 1.2)
2025-06-04 09:27:06,593 [INFO] 매수 주문 실행: 051910 - 200000원 x 25주 = 5000000원, 타입: VOLATILE_UPTREND, reason: 상승 추세 진입 (모멘텀: 1.2)
2025-06-04 09:30:05,813 [INFO] 매수 주문 실행: 000150 - 510000원 x 7주 = 3570000원, 타입: VOLATILE_UPTREND, reason: 상승 추세 진입 (모멘텀: 1.7)
2025-06-04 09:33:05,437 [INFO] 매수 주문 실행: 000075 - 79200원 x 75주 = 5940000원, 타입: VOLATILE_UPTREND, reason: 상승 추세 진입 (모멘텀: 1.0)
2025-06-04 09:36:05,766 [INFO] 매수 주문 실행: 000075 - 79200원 x 75주 = 5940000원, 타입: VOLATILE_UPTREND, reason: 상승 추세 진입 (모멘텀: 1.0)
2025-06-04 09:39:06,776 [INFO] 매도 주문 실행: 000150 - 517000원 x 7주 = 3619000원, 타입: VOLATILE_UPTREND, 이윤률: 1.1764705882352942%, reason: 거래량 감소, VOLATILE_UPTREND
2025-06-04 09:39:07,109 [INFO] 매수 주문 실행: 000210 - 46850원 x 106주 = 4966100원, 타입: VOLATILE_UPTREND, reason: 상승 추세 진입 (모멘텀: 1.0)
2025-06-04 09:42:07,099 [INFO] 매수 주문 실행: 000150 - 515000원 x 11주 = 5665000원, 타입: VOLATILE_UPTREND, reason: 상승 추세 진입 (모멘텀: 1.1)
2025-06-04 09:45:06,670 [INFO] 매수 주문 실행: 000070 - 83600원 x 47주 = 3929200원, 타입: VOLATILE_UPTREND, reason: 상승 추세 진입 (모멘텀: 1.3)
2025-06-04 09:45:06,906 [INFO] 매수 주문 실행: 000120 - 83000원 x 72주 = 5976000원, 타입: VOLATILE_UPTREND, reason: 상승 추세 진입 (모멘텀: 1.2)
2025-06-04 09:45:07,368 [INFO] 매수 주문 실행: 000150 - 517000원 x 7주 = 3619000원, 타입: VOLATILE_UPTREND, reason: 상승 추세 진입 (모멘텀: 1.4)
2025-06-04 09:45:07,509 [INFO] 매수 주문 실행: 373220 - 290000원 x 20주 = 5800000원, 타입: VOLATILE_UPTREND, reason: 상승 추세 진입 (모멘텀: 1.0)
2025-06-04 09:48:07,817 [INFO] 매도 주문 실행: 000210 - 47400원 x 106주 = 5024400원, 타입: VOLATILE_UPTREND, 이윤률: 1.0672358591248665%, reason: 거래량 감소, VOLATILE_UPTREND
2025-06-04 09:51:07,871 [INFO] 매수 주문 실행: 000210 - 47600원 x 126주 = 5997600원, 타입: VOLATILE_UPTREND, reason: 상승 추세 진입 (모멘텀: 1.5)
2025-06-04 09:57:08,807 [INFO] 매도 주문 실행: 000150 - 521000원 x 14주 = 7294000원, 타입: VOLATILE_UPTREND, 이윤률: 0.5802707930367506%, reason: 거래량 감소, VOLATILE_UPTREND
2025-06-04 10:00:08,884 [INFO] 매수 주문 실행: 000150 - 520000원 x 7주 = 3640000원, 타입: VOLATILE_UPTREND, reason: 상승 추세 진입 (모멘텀: 0.9)
2025-06-04 10:00:09,647 [INFO] 매수 주문 실행: 034730 - 174500원 x 22주 = 3839000원, 타입: VOLATILE_UPTREND, reason: 상승 추세 진입 (모멘텀: 1.0)
2025-06-04 10:00:10,106 [INFO] 매도 주문 실행: 051910 - 201000원 x 25주 = 5025000원, 타입: VOLATILE_UPTREND, 이윤률: 0.6006006006006006%, reason: 거래량 감소, VOLATILE_UPTREND
2025-06-04 10:09:09,837 [INFO] 매수 주문 실행: 017670 - 52700원 x 95주 = 5006500원, 타입: VOLATILE_UPTREND, reason: 상승 추세 진입 (모멘텀: 1.0)
2025-06-04 10:12:10,001 [INFO] 매도 주문 실행: 034730 - 175000원 x 22주 = 3850000원, 타입: VOLATILE_UPTREND, 이윤률: 0.6303724928366762%, reason: 거래량 감소, VOLATILE_UPTREND
2025-06-04 10:21:10,618 [INFO] 매도 주문 실행: 373220 - 292000원 x 20주 = 5840000원, 타입: VOLATILE_UPTREND, 이윤률: 0.6896551724137931%, reason: 거래량 감소, VOLATILE_UPTREND
2025-06-04 10:27:11,244 [INFO] 매도 주문 실행: 000120 - 83500원 x 72주 = 6012000원, 타입: VOLATILE_UPTREND, 이윤률: 0.6024096385542169%, reason: 거래량 감소, VOLATILE_UPTREND
2025-06-04 10:42:14,292 [INFO] 매도 주문 실행: 000150 - 524000원 x 7주 = 3668000원, 타입: VOLATILE_UPTREND, 이윤률: 0.576923076923077%, reason: 거래량 감소, VOLATILE_UPTREND
2025-06-04 10:45:14,447 [INFO] 매수 주문 실행: 000150 - 528000원 x 11주 = 5808000원, 타입: VOLATILE_UPTREND, reason: 상승 추세 진입 (모멘텀: 1.3)
2025-06-04 10:45:15,167 [INFO] 매수 주문 실행: 034730 - 176000원 x 34주 = 5984000원, 타입: VOLATILE_UPTREND, reason: 상승 추세 진입 (모멘텀: 1.0)
2025-06-04 10:48:14,042 [INFO] 매도 주문 실행: 000070 - 85600원 x 47주 = 4023200원, 타입: VOLATILE_UPTREND, 이윤률: 2.272727272727273%, reason: 부분 익절, VOLATILE_UPTREND
2025-06-04 10:51:15,420 [INFO] 매수 주문 실행: 000155 - 343000원 x 17주 = 5831000원, 타입: VOLATILE_UPTREND, reason: 상승 추세 진입 (모멘텀: 1.0)
2025-06-04 10:57:15,042 [INFO] 매수 주문 실행: 000070 - 86000원 x 58주 = 4988000원, 타입: VOLATILE_UPTREND, reason: 상승 추세 진입 (모멘텀: 0.9)
2025-06-04 10:57:15,556 [INFO] 매도 주문 실행: 000150 - 532000원 x 11주 = 5852000원, 타입: VOLATILE_UPTREND, 이윤률: 0.5681818181818182%, reason: 거래량 감소, VOLATILE_UPTREND
2025-06-04 11:00:15,782 [INFO] 매수 주문 실행: 000150 - 533000원 x 7주 = 3731000원, 타입: VOLATILE_UPTREND, reason: 상승 추세 진입 (모멘텀: 1.1)
2025-06-04 11:03:16,790 [INFO] 매도 주문 실행: 000155 - 346000원 x 17주 = 5882000원, 타입: VOLATILE_UPTREND, 이윤률: 0.8746355685131195%, reason: 거래량 감소, VOLATILE_UPTREND
2025-06-04 11:09:17,037 [INFO] 매도 주문 실행: 000210 - 46800원 x 126주 = 5896800원, 타입: VOLATILE_UPTREND, 이윤률: -1.680672268907563%, reason: 즉시 손절, VOLATILE_UPTREND
2025-06-04 11:12:16,420 [INFO] 매도 주문 실행: 000070 - 85000원 x 58주 = 4930000원, 타입: VOLATILE_UPTREND, 이윤률: -1.5116279069767442%, reason: 즉시 손절, VOLATILE_UPTREND
2025-06-04 11:30:22,661 [INFO] 매수 주문 실행: 000210 - 47200원 x 84주 = 3964800원, 타입: VOLATILE_UPTREND, reason: 상승 추세 진입 (모멘텀: 1.0)
2025-06-04 11:36:24,212 [INFO] 매수 주문 실행: 000215 - 23600원 x 212주 = 5003200원, 타입: VOLATILE_UPTREND, reason: 상승 추세 진입 (모멘텀: 0.9)
2025-06-04 11:57:27,607 [INFO] 매수 주문 실행: 000120 - 83100원 x 48주 = 3988800원, 타입: VOLATILE_UPTREND, reason: 상승 추세 진입 (모멘텀: 0.9)
2025-06-04 11:57:28,690 [INFO] 매도 주문 실행: 034730 - 172500원 x 34주 = 5865000원, 타입: VOLATILE_UPTREND, 이윤률: -1.5375854214123008%, reason: 즉시 손절, VOLATILE_UPTREND
2025-06-04 11:57:28,959 [INFO] 매도 주문 실행: 000215 - 23800원 x 9주 = 214200원, 타입: VOLATILE_UPTREND, 이윤률: 0.6355932203389831%, reason: 거래량 감소, VOLATILE_UPTREND
2025-06-04 12:18:32,050 [INFO] 매도 주문 실행: 000210 - 47450원 x 84주 = 3985800원, 타입: VOLATILE_UPTREND, 이윤률: 0.5296610169491525%, reason: 거래량 감소, VOLATILE_UPTREND
2025-06-04 12:57:42,671 [INFO] 매도 주문 실행: 017670 - 53000원 x 95주 = 5035000원, 타입: VOLATILE_UPTREND, 이윤률: 0.5692599620493358%, reason: 거래량 감소, VOLATILE_UPTREND
2025-06-04 13:24:49,229 [INFO] 매도 주문 실행: 000150 - 530000원 x 7주 = 3710000원, 타입: VOLATILE_UPTREND, 이윤률: -0.7504690431519699%, reason: 장기보유(+3h) 초저손절 청산, VOLATILE_UPTREND
2025-06-04 14:22:01,489 [INFO] 매도 주문 실행: 000120 - 83600원 x 48주 = 4012800원, 타입: VOLATILE_UPTREND, 이윤률: 0.601684717208183%, reason: 장기보유(+3h) 초저익절 청산, VOLATILE_UPTREND
2025-06-04 14:25:02,579 [INFO] 매수 주문 실행: 000150 - 540000원 x 11주 = 5940000원, 타입: STABLE_UPTREND, reason: 상승 추세 진입 (모멘텀: 1.1)
2025-06-04 15:01:06,343 [INFO] 매도 주문 실행: 005930 - 57700원 x 104주 = 6000800원, 타입: VOLATILE_UPTREND, 이윤률: 0.34782608695652173%, reason: 장 마감 임박 수익 실현, VOLATILE_UPTREND
2025-06-04 15:01:06,857 [INFO] 매도 주문 실행: 000150 - 539000원 x 11주 = 5929000원, 타입: STABLE_UPTREND, 이윤률: -0.3703703703703704%, reason: 장 마감 임박 손실 제한, STABLE_UPTREND
2025-06-05 08:00:02,123 [INFO] 모니터링 서버 시작 (http://0.0.0.0:9503)
2025-06-05 09:21:03,031 [INFO] 매수 주문 실행: 000660 - 227000원 x 26주 = 5902000원, 타입: VOLATILE_UPTREND, reason: 상승 추세 진입 (모멘텀: 1.0)
2025-06-05 09:24:04,188 [INFO] 매수 주문 실행: 035420 - 190000원 x 21주 = 3990000원, 타입: VOLATILE_UPTREND, reason: 상승 추세 진입 (모멘텀: 0.9)
2025-06-05 09:27:06,947 [INFO] 매수 주문 실행: 034730 - 183500원 x 21주 = 3853500원, 타입: VOLATILE_UPTREND, reason: 상승 추세 진입 (모멘텀: 1.2)
2025-06-05 09:30:06,093 [INFO] 매수 주문 실행: 373220 - 292000원 x 13주 = 3796000원, 타입: VOLATILE_UPTREND, reason: 상승 추세 진입 (모멘텀: 1.1)
2025-06-05 09:33:07,486 [INFO] 매수 주문 실행: 000250 - 163000원 x 30주 = 4890000원, 타입: VOLATILE_UPTREND, reason: 상승 추세 진입 (모멘텀: 1.8)
2025-06-05 09:39:07,236 [INFO] 매도 주문 실행: 000660 - 229000원 x 26주 = 5954000원, 타입: VOLATILE_UPTREND, 이윤률: 0.6607929515418502%, reason: 거래량 감소, VOLATILE_UPTREND
2025-06-05 09:39:08,496 [INFO] 매수 주문 실행: 000070 - 86200원 x 69주 = 5947800원, 타입: VOLATILE_UPTREND, reason: 상승 추세 진입 (모멘텀: 1.1)
2025-06-05 09:39:09,023 [INFO] 매수 주문 실행: 005930 - 58500원 x 102주 = 5967000원, 타입: VOLATILE_UPTREND, reason: 상승 추세 진입 (모멘텀: 0.9)
2025-06-05 09:42:09,460 [INFO] 매도 주문 실행: 000250 - 159500원 x 30주 = 4785000원, 타입: VOLATILE_UPTREND, 이윤률: -1.66256157635468%, reason: 즉시 손절, VOLATILE_UPTREND
2025-06-05 09:42:10,144 [INFO] 매수 주문 실행: 017670 - 52700원 x 76주 = 4005200원, 타입: VOLATILE_UPTREND, reason: 상승 추세 진입 (모멘텀: 0.9)
2025-06-05 09:48:09,527 [INFO] 매수 주문 실행: 000155 - 346000원 x 17주 = 5882000원, 타입: VOLATILE_UPTREND, reason: 상승 추세 진입 (모멘텀: 1.5)
2025-06-05 09:48:10,372 [INFO] 매수 주문 실행: 000150 - 550000원 x 10주 = 5500000원, 타입: VOLATILE_UPTREND, reason: 상승 추세 진입 (모멘텀: 1.7)
2025-06-05 09:48:12,127 [INFO] 매수 주문 실행: 000105 - 99000원 x 40주 = 3960000원, 타입: VOLATILE_UPTREND, reason: 상승 추세 진입 (모멘텀: 1.1)
2025-06-05 09:57:13,139 [INFO] 매도 주문 실행: 034730 - 184500원 x 21주 = 3874500원, 타입: VOLATILE_UPTREND, 이윤률: 0.8183306055646482%, reason: 거래량 감소, VOLATILE_UPTREND
2025-06-05 10:00:12,571 [INFO] 매수 주문 실행: 051910 - 202000원 x 19주 = 3838000원, 타입: VOLATILE_UPTREND, reason: 상승 추세 진입 (모멘텀: 0.9)
2025-06-05 10:03:15,013 [INFO] 매수 주문 실행: 005380 - 190000원 x 26주 = 4940000원, 타입: VOLATILE_UPTREND, reason: 상승 추세 진입 (모멘텀: 1.0)
2025-06-05 10:06:15,071 [INFO] 매수 주문 실행: 034730 - 186500원 x 21주 = 3916500원, 타입: VOLATILE_UPTREND, reason: 상승 추세 진입 (모멘텀: 1.0)
2025-06-05 10:09:14,398 [INFO] 매도 주문 실행: 000070 - 86800원 x 69주 = 5989200원, 타입: VOLATILE_UPTREND, 이윤률: 0.6960556844547563%, reason: 거래량 감소, VOLATILE_UPTREND
2025-06-05 10:09:16,265 [INFO] 매도 주문 실행: 005380 - 191000원 x 26주 = 4966000원, 타입: VOLATILE_UPTREND, 이윤률: 0.8429926238145415%, reason: 거래량 감소, VOLATILE_UPTREND
2025-06-05 10:12:16,417 [INFO] 매수 주문 실행: 000210 - 49450원 x 101주 = 4994450원, 타입: VOLATILE_UPTREND, reason: 상승 추세 진입 (모멘텀: 0.9)
2025-06-05 10:12:16,924 [INFO] 매수 주문 실행: 005380 - 192000원 x 20주 = 3840000원, 타입: VOLATILE_UPTREND, reason: 상승 추세 진입 (모멘텀: 1.2)
2025-06-05 10:15:16,193 [INFO] 매도 주문 실행: 005930 - 59100원 x 102주 = 6028200원, 타입: VOLATILE_UPTREND, 이윤률: 1.0256410256410255%, reason: 거래량 감소, VOLATILE_UPTREND
2025-06-05 10:18:17,947 [INFO] 매수 주문 실행: 035720 - 43550원 x 137주 = 5966350원, 타입: VOLATILE_UPTREND, reason: 상승 추세 진입 (모멘텀: 1.0)
2025-06-05 10:24:16,961 [INFO] 매도 주문 실행: 051910 - 204000원 x 19주 = 3876000원, 타입: VOLATILE_UPTREND, 이윤률: 0.7425742574257426%, reason: 거래량 감소, VOLATILE_UPTREND
2025-06-05 10:27:17,035 [INFO] 매도 주문 실행: 373220 - 294000원 x 13주 = 3822000원, 타입: VOLATILE_UPTREND, 이윤률: 0.5136986301369862%, reason: 거래량 감소, VOLATILE_UPTREND
2025-06-05 10:36:19,677 [INFO] 매도 주문 실행: 034730 - 187000원 x 21주 = 3927000원, 타입: VOLATILE_UPTREND, 이윤률: 0.6448146157979581%, reason: 거래량 감소, VOLATILE_UPTREND
2025-06-05 10:45:21,182 [INFO] 매도 주문 실행: 035720 - 44500원 x 137주 = 6096500원, 타입: VOLATILE_UPTREND, 이윤률: 2.1814006888633752%, reason: 부분 익절, VOLATILE_UPTREND
2025-06-05 10:51:19,604 [INFO] 매도 주문 실행: 035420 - 191000원 x 21주 = 4011000원, 타입: VOLATILE_UPTREND, 이윤률: 0.8966244725738396%, reason: 거래량 감소, VOLATILE_UPTREND
2025-06-05 11:30:24,463 [INFO] 매도 주문 실행: 000150 - 554000원 x 10주 = 5540000원, 타입: VOLATILE_UPTREND, 이윤률: 0.5454545454545455%, reason: 거래량 감소, VOLATILE_UPTREND
2025-06-05 11:30:25,449 [INFO] 매수 주문 실행: 000075 - 84700원 x 70주 = 5929000원, 타입: STABLE_UPTREND, reason: 상승 추세 진입 (모멘텀: 1.0)
2025-06-05 11:33:26,510 [INFO] 매수 주문 실행: 034730 - 187000원 x 21주 = 3927000원, 타입: VOLATILE_UPTREND, reason: 상승 추세 진입 (모멘텀: 0.9)
2025-06-05 12:03:29,488 [INFO] 매도 주문 실행: 034730 - 183500원 x 21주 = 3853500원, 타입: VOLATILE_UPTREND, 이윤률: -1.6059957173447537%, reason: 즉시 손절, VOLATILE_UPTREND
2025-06-05 12:09:30,360 [INFO] 매도 주문 실행: 000210 - 48750원 x 101주 = 4923750원, 타입: VOLATILE_UPTREND, 이윤률: -1.5166835187057632%, reason: 즉시 손절, VOLATILE_UPTREND
2025-06-05 13:00:33,907 [INFO] 매도 주문 실행: 000155 - 342000원 x 17주 = 5814000원, 타입: VOLATILE_UPTREND, 이윤률: -1.300578034682081%, reason: 장기보유(+3h) 초저손절 청산, VOLATILE_UPTREND
2025-06-05 13:00:36,447 [INFO] 매도 주문 실행: 000105 - 98700원 x 40주 = 3948000원, 타입: VOLATILE_UPTREND, 이윤률: -0.9090909090909091%, reason: 장기보유(+3h) 초저손절 청산, VOLATILE_UPTREND
2025-06-05 13:00:36,831 [INFO] 매도 주문 실행: 005380 - 189000원 x 20주 = 3780000원, 타입: VOLATILE_UPTREND, 이윤률: -1.1476264997391759%, reason: 장기보유(+3h) 초저손절 청산, VOLATILE_UPTREND
2025-06-05 13:45:39,947 [INFO] 매도 주문 실행: 017670 - 52500원 x 76주 = 3990000원, 타입: VOLATILE_UPTREND, 이윤률: -0.3795066413662239%, reason: 장기보유(+3h) 초저손절 청산, VOLATILE_UPTREND
2025-06-05 15:15:54,092 [INFO] 매도 주문 실행: 000075 - 85100원 x 22주 = 1872200원, 타입: STABLE_UPTREND, 이윤률: 0.47225501770956313%, reason: 장기보유(+3h) 초저익절 청산, STABLE_UPTREND
2025-06-05 15:27:55,535 [INFO] 매도 주문 가격 조정: 000075 85100.0 -> 85200 (현재가: 85200, 매도호가: 85200)
2025-06-06 08:00:02,859 [INFO] 모니터링 서버 시작 (http://0.0.0.0:9503)
2025-06-07 08:00:02,639 [INFO] 모니터링 서버 시작 (http://0.0.0.0:9503)
2025-06-08 08:00:02,396 [INFO] 모니터링 서버 시작 (http://0.0.0.0:9503)
2025-06-09 08:00:02,123 [INFO] 모니터링 서버 시작 (http://0.0.0.0:9503)
2025-06-09 09:21:03,004 [INFO] 매수 주문 실행: 000155 - 379000원 x 15주 = 5685000원, 타입: VOLATILE_UPTREND, reason: 상승 추세 진입 (모멘텀: 1.0)
2025-06-09 09:24:03,490 [INFO] 매도 주문 실행: 000155 - 385000원 x 15주 = 5775000원, 타입: VOLATILE_UPTREND, 이윤률: 1.58311345646438%, reason: 거래량 감소, VOLATILE_UPTREND
2025-06-09 09:33:04,061 [INFO] 매수 주문 실행: 000075 - 87000원 x 69주 = 6003000원, 타입: VOLATILE_UPTREND, reason: 상승 추세 진입 (모멘텀: 1.3)
2025-06-09 09:33:04,829 [INFO] 매수 주문 실행: 000155 - 390000원 x 10주 = 3900000원, 타입: VOLATILE_UPTREND, reason: 상승 추세 진입 (모멘텀: 1.3)
2025-06-09 09:33:06,802 [INFO] 매수 주문 실행: 000070 - 90900원 x 44주 = 3999600원, 타입: VOLATILE_UPTREND, reason: 상승 추세 진입 (모멘텀: 1.4)
2025-06-09 09:36:04,736 [INFO] 매수 주문 실행: 000075 - 87100원 x 68주 = 5922800원, 타입: VOLATILE_UPTREND, reason: 상승 추세 진입 (모멘텀: 1.3)
2025-06-09 09:36:05,213 [INFO] 매수 주문 실행: 000150 - 604000원 x 6주 = 3624000원, 타입: VOLATILE_UPTREND, reason: 상승 추세 진입 (모멘텀: 1.3)
2025-06-09 09:36:05,828 [INFO] 매수 주문 실행: 000157 - 403000원 x 14주 = 5642000원, 타입: VOLATILE_UPTREND, reason: 상승 추세 진입 (모멘텀: 1.5)
2025-06-09 09:36:06,966 [INFO] 매수 주문 실행: 035720 - 46900원 x 106주 = 4971400원, 타입: VOLATILE_UPTREND, reason: 상승 추세 진입 (모멘텀: 1.1)
2025-06-09 09:39:07,806 [INFO] 매도 주문 실행: 051910 - 198500원 x 19주 = 3771500원, 타입: VOLATILE_UPTREND, 이윤률: -1.6336633663366338%, reason: 즉시 손절, VOLATILE_UPTREND
2025-06-09 09:42:06,901 [INFO] 매도 주문 실행: 000157 - 397000원 x 14주 = 5558000원, 타입: VOLATILE_UPTREND, 이윤률: -1.7369727047146404%, reason: 즉시 손절, VOLATILE_UPTREND
2025-06-09 09:45:07,136 [INFO] 매도 주문 실행: 000155 - 384000원 x 10주 = 3840000원, 타입: VOLATILE_UPTREND, 이윤률: -1.5384615384615385%, reason: 즉시 손절, VOLATILE_UPTREND
2025-06-09 09:45:08,486 [INFO] 매도 주문 실행: 035720 - 46200원 x 106주 = 4897200원, 타입: VOLATILE_UPTREND, 이윤률: -1.4925373134328357%, reason: 즉시 손절, VOLATILE_UPTREND
2025-06-09 09:51:07,096 [INFO] 매수 주문 가격 조정: 000075 87100.0 -> 87000 (현재가: 86900, 매수호가: 87000)
2025-06-09 09:51:10,153 [INFO] 매수 주문 실행: 000120 - 87000원 x 46주 = 4002000원, 타입: VOLATILE_UPTREND, reason: 상승 추세 진입 (모멘텀: 1.1)
2025-06-09 09:54:09,765 [INFO] 매수 주문 실행: 035720 - 46950원 x 85주 = 3990750원, 타입: VOLATILE_UPTREND, reason: 상승 추세 진입 (모멘텀: 1.5)
2025-06-09 09:57:08,557 [INFO] 매수 주문 실행: 000210 - 49450원 x 80주 = 3956000원, 타입: VOLATILE_UPTREND, reason: 상승 추세 진입 (모멘텀: 1.3)
2025-06-09 09:57:09,994 [INFO] 매수 주문 실행: 035420 - 194500원 x 20주 = 3890000원, 타입: VOLATILE_UPTREND, reason: 상승 추세 진입 (모멘텀: 1.1)
2025-06-09 09:57:11,018 [INFO] 매도 주문 실행: 000070 - 91500원 x 44주 = 4026000원, 타입: VOLATILE_UPTREND, 이윤률: 0.6600660066006601%, reason: 거래량 감소, VOLATILE_UPTREND
2025-06-09 10:00:09,042 [INFO] 매도 주문 실행: 000210 - 49750원 x 1주 = 49750원, 타입: VOLATILE_UPTREND, 이윤률: 0.5055611729019212%, reason: 거래량 감소, VOLATILE_UPTREND
2025-06-09 10:00:11,482 [INFO] 매수 주문 실행: 000070 - 91700원 x 43주 = 3943100원, 타입: VOLATILE_UPTREND, reason: 상승 추세 진입 (모멘텀: 1.0)
2025-06-09 10:00:11,729 [INFO] 매수 주문 실행: 000215 - 24450원 x 163주 = 3985350원, 타입: VOLATILE_UPTREND, reason: 상승 추세 진입 (모멘텀: 0.9)
2025-06-09 10:03:09,552 [INFO] 매수 주문 실행: 000075 - 87600원 x 45주 = 3942000원, 타입: VOLATILE_UPTREND, reason: 상승 추세 진입 (모멘텀: 1.0)
2025-06-09 10:03:10,018 [INFO] 매도 주문 실행: 000150 - 596000원 x 6주 = 3576000원, 타입: VOLATILE_UPTREND, 이윤률: -1.490066225165563%, reason: 즉시 손절, VOLATILE_UPTREND
2025-06-09 10:03:10,989 [INFO] 매수 주문 실행: 005380 - 197000원 x 25주 = 4925000원, 타입: VOLATILE_UPTREND, reason: 상승 추세 진입 (모멘텀: 0.9)
2025-06-09 10:03:11,789 [INFO] 매도 주문 실행: 035720 - 48350원 x 85주 = 4109750원, 타입: VOLATILE_UPTREND, 이윤률: 2.9818956336528224%, reason: 부분 익절, VOLATILE_UPTREND
2025-06-09 10:06:10,238 [INFO] 매수 주문 실행: 000075 - 87600원 x 45주 = 3942000원, 타입: VOLATILE_UPTREND, reason: 상승 추세 진입 (모멘텀: 1.0)
2025-06-09 10:09:10,833 [INFO] 매수 주문 실행: 000210 - 50200원 x 79주 = 3965800원, 타입: VOLATILE_UPTREND, reason: 상승 추세 진입 (모멘텀: 1.1)
2025-06-09 10:12:13,796 [INFO] 매도 주문 실행: 000070 - 90200원 x 43주 = 3878600원, 타입: VOLATILE_UPTREND, 이윤률: -1.6357688113413305%, reason: 즉시 손절, VOLATILE_UPTREND
2025-06-09 10:15:11,638 [INFO] 매수 주문 가격 조정: 000075 87600.0 -> 87400 (현재가: 87300, 매수호가: 87600)
2025-06-09 10:15:11,742 [INFO] 매수 주문 가격 조정: 000075 87600.0 -> 87400 (현재가: 87300, 매수호가: 87600)
2025-06-09 10:18:12,938 [INFO] 매수 주문 실행: 000155 - 390000원 x 15주 = 5850000원, 타입: VOLATILE_UPTREND, reason: 상승 추세 진입 (모멘텀: 1.2)
2025-06-09 10:21:13,295 [INFO] 매도 주문 실행: 000155 - 393000원 x 15주 = 5895000원, 타입: VOLATILE_UPTREND, 이윤률: 0.7692307692307693%, reason: 거래량 감소, VOLATILE_UPTREND
2025-06-09 10:21:13,653 [INFO] 매수 주문 실행: 000157 - 405000원 x 14주 = 5670000원, 타입: VOLATILE_UPTREND, reason: 상승 추세 진입 (모멘텀: 1.2)
2025-06-09 10:24:15,726 [INFO] 매도 주문 실행: 000120 - 87800원 x 46주 = 4038800원, 타입: VOLATILE_UPTREND, 이윤률: 0.9195402298850575%, reason: 거래량 감소, VOLATILE_UPTREND
2025-06-09 10:27:15,593 [INFO] 매수 주문 실행: 051910 - 202000원 x 19주 = 3838000원, 타입: VOLATILE_UPTREND, reason: 상승 추세 진입 (모멘텀: 1.1)
2025-06-09 10:39:14,768 [INFO] 매도 주문 실행: 000210 - 49400원 x 158주 = 7805200원, 타입: VOLATILE_UPTREND, 이윤률: -1.593625498007968%, reason: 즉시 손절, VOLATILE_UPTREND
2025-06-09 10:48:18,108 [INFO] 매수 주문 실행: 035720 - 49400원 x 81주 = 4001400원, 타입: VOLATILE_UPTREND, reason: 상승 추세 진입 (모멘텀: 0.9)
2025-06-09 10:57:18,302 [INFO] 매도 주문 실행: 005380 - 197000원 x 25주 = 4925000원, 타입: VOLATILE_UPTREND, 이윤률: 0.508646998982706%, reason: 거래량 감소, VOLATILE_UPTREND
2025-06-09 10:57:18,664 [INFO] 매도 주문 실행: 035420 - 200000원 x 20주 = 4000000원, 타입: VOLATILE_UPTREND, 이윤률: 2.9336078229541944%, reason: 부분 익절, VOLATILE_UPTREND
2025-06-09 10:57:19,148 [INFO] 매도 주문 실행: 035720 - 50500원 x 81주 = 4090500원, 타입: VOLATILE_UPTREND, 이윤률: 2.2267206477732793%, reason: 부분 익절, VOLATILE_UPTREND
2025-06-09 11:06:19,170 [INFO] 매수 주문 실행: 000660 - 231000원 x 25주 = 5775000원, 타입: VOLATILE_UPTREND, reason: 상승 추세 진입 (모멘텀: 0.9)
2025-06-09 11:06:19,401 [INFO] 매도 주문 실행: 000157 - 412000원 x 14주 = 5768000원, 타입: VOLATILE_UPTREND, 이윤률: 1.6049382716049383%, reason: 거래량 감소, VOLATILE_UPTREND
2025-06-09 11:09:19,834 [INFO] 매수 주문 실행: 000157 - 412000원 x 9주 = 3708000원, 타입: VOLATILE_UPTREND, reason: 상승 추세 진입 (모멘텀: 1.5)
2025-06-09 11:21:21,156 [INFO] 매도 주문 실행: 000157 - 425000원 x 9주 = 3825000원, 타입: VOLATILE_UPTREND, 이윤률: 2.7912621359223304%, reason: 부분 익절, VOLATILE_UPTREND
2025-06-09 11:33:21,847 [INFO] 매수 주문 실행: 000155 - 393000원 x 15주 = 5895000원, 타입: VOLATILE_UPTREND, reason: 상승 추세 진입 (모멘텀: 1.4)
2025-06-09 11:36:21,716 [INFO] 매수 주문 실행: 000210 - 49400원 x 81주 = 4001400원, 타입: VOLATILE_UPTREND, reason: 상승 추세 진입 (모멘텀: 1.0)
2025-06-09 11:45:24,210 [INFO] 매수 주문 실행: 035720 - 50900원 x 78주 = 3970200원, 타입: VOLATILE_UPTREND, reason: 상승 추세 진입 (모멘텀: 1.3)
2025-06-09 11:57:26,297 [INFO] 매도 주문 실행: 000215 - 24600원 x 163주 = 4009800원, 타입: VOLATILE_UPTREND, 이윤률: 0.6134969325153374%, reason: 거래량 감소, VOLATILE_UPTREND
2025-06-09 12:12:27,140 [INFO] 매도 주문 실행: 035720 - 50100원 x 78주 = 3907800원, 타입: VOLATILE_UPTREND, 이윤률: -1.5717092337917484%, reason: 즉시 손절, VOLATILE_UPTREND
2025-06-09 12:42:28,780 [INFO] 매도 주문 실행: 000155 - 395000원 x 15주 = 5925000원, 타입: VOLATILE_UPTREND, 이윤률: 0.5089058524173028%, reason: 거래량 감소, VOLATILE_UPTREND
2025-06-09 13:00:32,211 [INFO] 매도 주문 실행: 051910 - 201000원 x 19주 = 3819000원, 타입: VOLATILE_UPTREND, 이윤률: -0.7425742574257426%, reason: 장기보유(+3h) 초저손절 청산, VOLATILE_UPTREND
2025-06-09 13:09:31,286 [INFO] 매수 주문 실행: 000150 - 593000원 x 10주 = 5930000원, 타입: STABLE_UPTREND, reason: 상승 추세 진입 (모멘텀: 1.0)
2025-06-09 13:27:35,013 [INFO] 매도 주문 실행: 000660 - 229000원 x 25주 = 5725000원, 타입: VOLATILE_UPTREND, 이윤률: -0.8658008658008658%, reason: 장기보유(+3h) 초저손절 청산, VOLATILE_UPTREND
2025-06-09 13:30:35,544 [INFO] 매수 주문 가격 조정: 000075 87400.0 -> 87100 (현재가: 87000, 매수호가: 87600)
2025-06-09 13:30:35,616 [INFO] 매수 주문 가격 조정: 000075 87400.0 -> 87100 (현재가: 87000, 매수호가: 87600)
2025-06-09 13:39:39,867 [INFO] 매도 주문 실행: 000105 - 99500원 x 30주 = 2985000원, 타입: VOLATILE_UPTREND, 이윤률: 0.9090909090909091%, reason: 장기보유(+3h) 초저익절 청산, VOLATILE_UPTREND
2025-06-09 13:57:43,259 [INFO] 매도 주문 실행: 000210 - 48750원 x 81주 = 3948750원, 타입: VOLATILE_UPTREND, 이윤률: -1.3157894736842104%, reason: 장기보유(+3h) 초저손절 청산, VOLATILE_UPTREND
2025-06-09 14:00:43,750 [INFO] 매도 주문 실행: 000150 - 587000원 x 10주 = 5870000원, 타입: STABLE_UPTREND, 이윤률: -1.1804384485666104%, reason: 손절, STABLE_UPTREND
2025-06-09 15:00:51,362 [INFO] 매도 주문 실행: 000075 - 86700원 x 227주 = 19680900원, 타입: VOLATILE_UPTREND, 이윤률: -0.9153318077803204%, reason: 장 마감 임박 손실 제한, VOLATILE_UPTREND
2025-06-10 08:00:02,850 [INFO] 모니터링 서버 시작 (http://0.0.0.0:9503)
2025-06-10 09:21:06,739 [INFO] 매수 주문 실행: 005380 - 198500원 x 30주 = 5955000원, 타입: VOLATILE_UPTREND, reason: 상승 추세 진입 (모멘텀: 1.1)
2025-06-10 09:21:07,823 [INFO] 매수 주문 실행: 034730 - 195000원 x 20주 = 3900000원, 타입: VOLATILE_UPTREND, reason: 상승 추세 진입 (모멘텀: 1.6)
2025-06-10 09:21:08,449 [INFO] 매수 주문 실행: 051910 - 205000원 x 19주 = 3895000원, 타입: VOLATILE_UPTREND, reason: 상승 추세 진입 (모멘텀: 0.9)
2025-06-10 09:24:07,572 [INFO] 매수 주문 실행: 035720 - 50600원 x 79주 = 3997400원, 타입: VOLATILE_UPTREND, reason: 상승 추세 진입 (모멘텀: 1.3)
2025-06-10 09:24:08,734 [INFO] 매수 주문 실행: 000070 - 87400원 x 45주 = 3933000원, 타입: VOLATILE_UPTREND, reason: 상승 추세 진입 (모멘텀: 1.1)
2025-06-10 09:27:08,952 [INFO] 매수 주문 실행: 000150 - 600000원 x 10주 = 6000000원, 타입: VOLATILE_UPTREND, reason: 상승 추세 진입 (모멘텀: 1.0)
2025-06-10 09:33:10,658 [INFO] 매수 주문 실행: 035420 - 199500원 x 25주 = 4987500원, 타입: VOLATILE_UPTREND, reason: 상승 추세 진입 (모멘텀: 0.9)
2025-06-10 09:33:11,303 [INFO] 매수 주문 실행: 373220 - 289000원 x 13주 = 3757000원, 타입: VOLATILE_UPTREND, reason: 상승 추세 진입 (모멘텀: 1.0)
2025-06-10 09:36:10,571 [INFO] 매도 주문 실행: 035720 - 51200원 x 79주 = 4044800원, 타입: VOLATILE_UPTREND, 이윤률: 1.185770750988142%, reason: 거래량 감소, VOLATILE_UPTREND
2025-06-10 09:36:12,615 [INFO] 매수 주문 실행: 000157 - 524000원 x 7주 = 3668000원, 타입: VOLATILE_UPTREND, reason: 상승 추세 진입 (모멘텀: 1.7)
2025-06-10 09:39:13,112 [INFO] 매도 주문 실행: 000157 - 516000원 x 7주 = 3612000원, 타입: VOLATILE_UPTREND, 이윤률: -1.717557251908397%, reason: 즉시 손절, VOLATILE_UPTREND
2025-06-10 09:45:12,592 [INFO] 매수 주문 실행: 035720 - 51600원 x 97주 = 5005200원, 타입: VOLATILE_UPTREND, reason: 상승 추세 진입 (모멘텀: 1.0)
2025-06-10 09:45:13,642 [INFO] 매도 주문 실행: 000070 - 88000원 x 45주 = 3960000원, 타입: VOLATILE_UPTREND, 이윤률: 0.6864988558352403%, reason: 거래량 감소, VOLATILE_UPTREND
2025-06-10 09:45:14,853 [INFO] 매수 주문 실행: 000210 - 49200원 x 101주 = 4969200원, 타입: VOLATILE_UPTREND, reason: 상승 추세 진입 (모멘텀: 0.9)
2025-06-10 09:48:13,761 [INFO] 매수 주문 실행: 000120 - 87500원 x 68주 = 5950000원, 타입: VOLATILE_UPTREND, reason: 상승 추세 진입 (모멘텀: 1.0)
2025-06-10 09:48:13,992 [INFO] 매수 주문 실행: 000105 - 99300원 x 40주 = 3972000원, 타입: VOLATILE_UPTREND, reason: 상승 추세 진입 (모멘텀: 0.9)
2025-06-10 09:48:14,336 [INFO] 매도 주문 실행: 000150 - 593000원 x 10주 = 5930000원, 타입: VOLATILE_UPTREND, 이윤률: -1.5%, reason: 즉시 손절, VOLATILE_UPTREND
2025-06-10 09:48:15,423 [INFO] 매도 주문 실행: 051910 - 207000원 x 19주 = 3933000원, 타입: VOLATILE_UPTREND, 이윤률: 0.975609756097561%, reason: 거래량 감소, VOLATILE_UPTREND
2025-06-10 10:00:15,586 [INFO] 매도 주문 실행: 035720 - 50700원 x 97주 = 4917900원, 타입: VOLATILE_UPTREND, 이윤률: -1.744186046511628%, reason: 즉시 손절, VOLATILE_UPTREND
2025-06-10 10:03:18,291 [INFO] 매도 주문 실행: 000210 - 48500원 x 101주 = 4898500원, 타입: VOLATILE_UPTREND, 이윤률: -1.524390243902439%, reason: 즉시 손절, VOLATILE_UPTREND
2025-06-10 10:06:18,122 [INFO] 매도 주문 실행: 373220 - 291000원 x 13주 = 3783000원, 타입: VOLATILE_UPTREND, 이윤률: 0.5190311418685121%, reason: 거래량 감소, VOLATILE_UPTREND
2025-06-10 10:18:18,523 [INFO] 매도 주문 실행: 000120 - 88300원 x 68주 = 6004400원, 타입: VOLATILE_UPTREND, 이윤률: 0.9142857142857144%, reason: 거래량 감소, VOLATILE_UPTREND
2025-06-10 10:18:19,139 [INFO] 매도 주문 실행: 035420 - 201000원 x 25주 = 5025000원, 타입: VOLATILE_UPTREND, 이윤률: 0.7537688442211055%, reason: 거래량 감소, VOLATILE_UPTREND
2025-06-10 10:24:20,601 [INFO] 매수 주문 실행: 000250 - 155500원 x 25주 = 3887500원, 타입: VOLATILE_UPTREND, reason: 상승 추세 진입 (모멘텀: 0.9)
2025-06-10 10:24:21,976 [INFO] 매수 주문 실행: 000080 - 20750원 x 289주 = 5996750원, 타입: VOLATILE_UPTREND, reason: 상승 추세 진입 (모멘텀: 1.0)
2025-06-10 10:27:20,750 [INFO] 매수 주문 실행: 035420 - 201000원 x 24주 = 4824000원, 타입: VOLATILE_UPTREND, reason: 상승 추세 진입 (모멘텀: 0.9)
2025-06-10 10:30:20,123 [INFO] 매수 주문 실행: 000155 - 425000원 x 14주 = 5950000원, 타입: STABLE_UPTREND, reason: 상승 추세 진입 (모멘텀: 1.4)
2025-06-10 10:39:23,272 [INFO] 매수 주문 실행: 051910 - 208000원 x 24주 = 4992000원, 타입: VOLATILE_UPTREND, reason: 상승 추세 진입 (모멘텀: 0.9)
2025-06-10 10:42:23,142 [INFO] 매도 주문 실행: 034730 - 191000원 x 20주 = 3820000원, 타입: VOLATILE_UPTREND, 이윤률: -1.694915254237288%, reason: 즉시 손절, VOLATILE_UPTREND
2025-06-10 10:48:24,262 [INFO] 매수 주문 실행: 373220 - 291000원 x 17주 = 4947000원, 타입: VOLATILE_UPTREND, reason: 상승 추세 진입 (모멘텀: 0.9)
2025-06-10 10:48:24,769 [INFO] 매수 주문 실행: 000157 - 508000원 x 7주 = 3556000원, 타입: VOLATILE_UPTREND, reason: 상승 추세 진입 (모멘텀: 0.9)
2025-06-10 10:51:25,172 [INFO] 매도 주문 실행: 051910 - 210000원 x 24주 = 5040000원, 타입: VOLATILE_UPTREND, 이윤률: 0.7211538461538461%, reason: 거래량 감소, VOLATILE_UPTREND
2025-06-10 10:51:25,783 [INFO] 매수 주문 실행: 000660 - 231000원 x 21주 = 4851000원, 타입: VOLATILE_UPTREND, reason: 상승 추세 진입 (모멘텀: 0.9)
2025-06-10 10:54:25,756 [INFO] 매수 주문 실행: 051910 - 210000원 x 28주 = 5880000원, 타입: VOLATILE_UPTREND, reason: 상승 추세 진입 (모멘텀: 1.2)
2025-06-10 11:15:29,487 [INFO] 매도 주문 실행: 000157 - 514000원 x 7주 = 3598000원, 타입: VOLATILE_UPTREND, 이윤률: 0.984251968503937%, reason: 거래량 감소, VOLATILE_UPTREND
2025-06-10 11:27:30,939 [INFO] 매도 주문 실행: 000250 - 152000원 x 25주 = 3800000원, 타입: VOLATILE_UPTREND, 이윤률: -1.6118633139909737%, reason: 즉시 손절, VOLATILE_UPTREND
2025-06-10 11:36:30,966 [INFO] 매수 주문 실행: 035720 - 50300원 x 79주 = 3973700원, 타입: VOLATILE_UPTREND, reason: 상승 추세 진입 (모멘텀: 0.9)
2025-06-10 11:36:32,816 [INFO] 매수 주문 실행: 000157 - 514000원 x 7주 = 3598000원, 타입: VOLATILE_UPTREND, reason: 상승 추세 진입 (모멘텀: 1.3)
2025-06-10 12:18:37,888 [INFO] 매도 주문 실행: 051910 - 207000원 x 28주 = 5796000원, 타입: VOLATILE_UPTREND, 이윤률: -1.6666666666666667%, reason: 즉시 손절, VOLATILE_UPTREND
2025-06-10 12:21:36,661 [INFO] 매도 주문 실행: 035720 - 49500원 x 79주 = 3910500원, 타입: VOLATILE_UPTREND, 이윤률: -1.5904572564612325%, reason: 즉시 손절, VOLATILE_UPTREND
2025-06-10 12:21:38,395 [INFO] 매도 주문 실행: 000157 - 508000원 x 7주 = 3556000원, 타입: VOLATILE_UPTREND, 이윤률: -1.556420233463035%, reason: 즉시 손절, VOLATILE_UPTREND
2025-06-10 12:24:36,561 [ERROR] 보유 종목 로드 중 오류 발생: dictionary changed size during iteration
2025-06-10 13:00:41,066 [INFO] 매도 주문 실행: 000105 - 98800원 x 40주 = 3952000원, 타입: VOLATILE_UPTREND, 이윤률: -0.8056394763343404%, reason: 장기보유(+3h) 초저손절 청산, VOLATILE_UPTREND
2025-06-10 13:00:41,559 [INFO] 매도 주문 실행: 035420 - 200000원 x 24주 = 4800000원, 타입: VOLATILE_UPTREND, 이윤률: -0.4975124378109453%, reason: 장기보유(+3h) 초저손절 청산, VOLATILE_UPTREND
2025-06-10 13:06:41,536 [INFO] 매도 주문 실행: 005380 - 197000원 x 30주 = 5910000원, 타입: VOLATILE_UPTREND, 이윤률: -0.3530005042864347%, reason: 장기보유(+3h) 초저손절 청산, VOLATILE_UPTREND
2025-06-10 13:12:43,704 [INFO] 매도 주문 실행: 373220 - 289000원 x 17주 = 4913000원, 타입: VOLATILE_UPTREND, 이윤률: -0.6872852233676976%, reason: 장기보유(+3h) 초저손절 청산, VOLATILE_UPTREND
2025-06-10 13:18:42,929 [INFO] 매도 주문 실행: 000155 - 424000원 x 14주 = 5936000원, 타입: STABLE_UPTREND, 이윤률: -0.35294117647058826%, reason: 장기보유(+3h) 초저손절 청산, STABLE_UPTREND
2025-06-10 13:21:46,092 [INFO] 매도 주문 실행: 000080 - 20700원 x 289주 = 5982300원, 타입: VOLATILE_UPTREND, 이윤률: -0.48192771084337355%, reason: 장기보유(+3h) 초저손절 청산, VOLATILE_UPTREND
2025-06-10 14:06:50,871 [INFO] 매도 주문 실행: 000660 - 232000원 x 21주 = 4872000원, 타입: VOLATILE_UPTREND, 이윤률: 0.4329004329004329%, reason: 장기보유(+3h) 초저익절 청산, VOLATILE_UPTREND
2025-06-11 08:00:02,634 [INFO] 모니터링 서버 시작 (http://0.0.0.0:9503)
2025-06-11 09:21:05,021 [INFO] 매수 주문 실행: 068270 - 162500원 x 24주 = 3900000원, 타입: VOLATILE_UPTREND, reason: 상승 추세 진입 (모멘텀: 1.0)
2025-06-11 09:21:05,684 [INFO] 매수 주문 실행: 000210 - 47150원 x 106주 = 4997900원, 타입: VOLATILE_UPTREND, reason: 상승 추세 진입 (모멘텀: 0.9)
2025-06-11 09:21:06,842 [INFO] 매수 주문 실행: 000660 - 239000원 x 16주 = 3824000원, 타입: VOLATILE_UPTREND, reason: 상승 추세 진입 (모멘텀: 0.9)
2025-06-11 09:21:07,523 [INFO] 매수 주문 실행: 034730 - 194500원 x 30주 = 5835000원, 타입: VOLATILE_UPTREND, reason: 상승 추세 진입 (모멘텀: 1.5)
2025-06-11 09:24:06,259 [INFO] 매수 주문 실행: 000070 - 86700원 x 46주 = 3988200원, 타입: VOLATILE_UPTREND, reason: 상승 추세 진입 (모멘텀: 1.6)
2025-06-11 09:24:07,103 [INFO] 매수 주문 실행: 035720 - 50900원 x 118주 = 6006200원, 타입: VOLATILE_UPTREND, reason: 상승 추세 진입 (모멘텀: 1.1)
2025-06-11 09:24:07,537 [INFO] 매수 주문 실행: 005930 - 60100원 x 83주 = 4988300원, 타입: VOLATILE_UPTREND, reason: 상승 추세 진입 (모멘텀: 0.9)
2025-06-11 09:30:07,254 [INFO] 매수 주문 실행: 000150 - 592000원 x 6주 = 3552000원, 타입: VOLATILE_UPTREND, reason: 상승 추세 진입 (모멘텀: 1.0)
2025-06-11 09:30:10,391 [INFO] 매수 주문 실행: 000250 - 168000원 x 23주 = 3864000원, 타입: VOLATILE_UPTREND, reason: 상승 추세 진입 (모멘텀: 1.8)
2025-06-11 09:33:10,137 [INFO] 매수 주문 실행: 000157 - 525000원 x 7주 = 3675000원, 타입: VOLATILE_UPTREND, reason: 상승 추세 진입 (모멘텀: 1.9)
2025-06-11 09:36:07,832 [INFO] 매도 주문 실행: 000150 - 596000원 x 6주 = 3576000원, 타입: VOLATILE_UPTREND, 이윤률: 0.5067567567567568%, reason: 거래량 감소, VOLATILE_UPTREND
2025-06-11 09:36:09,102 [INFO] 매도 주문 실행: 035720 - 51200원 x 118주 = 6041600원, 타입: VOLATILE_UPTREND, 이윤률: 0.5893909626719057%, reason: 거래량 감소, VOLATILE_UPTREND
2025-06-11 09:39:10,618 [INFO] 매수 주문 실행: 000120 - 87500원 x 57주 = 4987500원, 타입: VOLATILE_UPTREND, reason: 상승 추세 진입 (모멘텀: 0.9)
2025-06-11 09:42:09,224 [INFO] 매수 주문 실행: 000150 - 602000원 x 8주 = 4816000원, 타입: VOLATILE_UPTREND, reason: 상승 추세 진입 (모멘텀: 1.2)
2025-06-11 09:42:12,102 [INFO] 매도 주문 실행: 000250 - 168500원 x 23주 = 3875500원, 타입: VOLATILE_UPTREND, 이윤률: 0.6555423122765197%, reason: 거래량 감소, VOLATILE_UPTREND
2025-06-11 09:42:12,334 [INFO] 매도 주문 실행: 000157 - 540000원 x 7주 = 3780000원, 타입: VOLATILE_UPTREND, 이윤률: 2.4761904761904763%, reason: 부분 익절, VOLATILE_UPTREND
2025-06-11 10:09:14,568 [INFO] 매수 주문 실행: 035720 - 51700원 x 116주 = 5997200원, 타입: VOLATILE_UPTREND, reason: 상승 추세 진입 (모멘텀: 1.7)
2025-06-11 10:12:14,995 [INFO] 매도 주문 실행: 000070 - 85400원 x 46주 = 3928400원, 타입: VOLATILE_UPTREND, 이윤률: -1.4994232987312572%, reason: 즉시 손절, VOLATILE_UPTREND
2025-06-11 10:12:15,344 [INFO] 매도 주문 실행: 000210 - 46400원 x 106주 = 4918400원, 타입: VOLATILE_UPTREND, 이윤률: -1.5906680805938493%, reason: 즉시 손절, VOLATILE_UPTREND
2025-06-11 10:18:15,432 [INFO] 매도 주문 실행: 000150 - 591000원 x 8주 = 4728000원, 타입: VOLATILE_UPTREND, 이윤률: -1.9933554817275747%, reason: 즉시 손절, VOLATILE_UPTREND
2025-06-11 10:27:17,915 [INFO] 매수 주문 실행: 000155 - 448000원 x 13주 = 5824000원, 타입: STABLE_UPTREND, reason: 상승 추세 진입 (모멘텀: 1.4)
2025-06-11 10:48:21,152 [INFO] 매도 주문 실행: 035720 - 50900원 x 116주 = 5904400원, 타입: VOLATILE_UPTREND, 이윤률: -1.5473887814313347%, reason: 즉시 손절, VOLATILE_UPTREND
2025-06-11 10:48:21,739 [INFO] 매수 주문 실행: 051910 - 207000원 x 19주 = 3933000원, 타입: VOLATILE_UPTREND, reason: 상승 추세 진입 (모멘텀: 1.1)
2025-06-11 11:03:24,143 [INFO] 매수 주문 실행: 000210 - 46500원 x 86주 = 3999000원, 타입: VOLATILE_UPTREND, reason: 상승 추세 진입 (모멘텀: 1.2)
2025-06-11 11:06:25,245 [INFO] 매도 주문 실행: 034730 - 190500원 x 30주 = 5715000원, 타입: VOLATILE_UPTREND, 이윤률: -1.545595054095827%, reason: 즉시 손절, VOLATILE_UPTREND
2025-06-11 11:09:24,817 [INFO] 매도 주문 실행: 000155 - 442000원 x 13주 = 5746000원, 타입: STABLE_UPTREND, 이윤률: -1.4508928571428572%, reason: 손절, STABLE_UPTREND
2025-06-11 11:42:28,165 [INFO] 매수 주문 실행: 373220 - 292000원 x 17주 = 4964000원, 타입: VOLATILE_UPTREND, reason: 상승 추세 진입 (모멘텀: 0.8)
2025-06-11 11:45:28,405 [INFO] 매수 주문 실행: 000155 - 447000원 x 8주 = 3576000원, 타입: VOLATILE_UPTREND, reason: 상승 추세 진입 (모멘텀: 1.0)
2025-06-11 11:48:28,567 [INFO] 매수 주문 실행: 000155 - 449000원 x 13주 = 5837000원, 타입: VOLATILE_UPTREND, reason: 상승 추세 진입 (모멘텀: 1.0)
2025-06-11 11:48:29,503 [INFO] 매수 주문 실행: 000157 - 527000원 x 7주 = 3689000원, 타입: VOLATILE_UPTREND, reason: 상승 추세 진입 (모멘텀: 0.9)
2025-06-11 11:51:29,558 [INFO] 매수 주문 실행: 000157 - 531000원 x 9주 = 4779000원, 타입: VOLATILE_UPTREND, reason: 상승 추세 진입 (모멘텀: 1.3)
2025-06-11 12:03:31,086 [INFO] 매도 주문 실행: 000157 - 536000원 x 9주 = 4824000원, 타입: VOLATILE_UPTREND, 이윤률: 0.7532956685499058%, reason: 거래량 감소, VOLATILE_UPTREND
2025-06-11 12:27:36,117 [INFO] 매수 주문 실행: 035420 - 201000원 x 24주 = 4824000원, 타입: STABLE_UPTREND, reason: 상승 추세 진입 (모멘텀: 0.9)
2025-06-11 13:00:41,021 [INFO] 매도 주문 실행: 068270 - 160500원 x 24주 = 3852000원, 타입: VOLATILE_UPTREND, 이윤률: -0.7398273736128237%, reason: 장기보유(+3h) 초저손절 청산, VOLATILE_UPTREND
2025-06-11 13:00:46,513 [INFO] 매도 주문 실행: 373220 - 294000원 x 17주 = 4998000원, 타입: VOLATILE_UPTREND, 이윤률: 0.5136986301369862%, reason: 거래량 감소, VOLATILE_UPTREND
2025-06-11 13:00:47,168 [INFO] 매도 주문 실행: 005930 - 59700원 x 83주 = 4955100원, 타입: VOLATILE_UPTREND, 이윤률: -0.5828476269775187%, reason: 장기보유(+3h) 초저손절 청산, VOLATILE_UPTREND
2025-06-11 13:00:47,832 [INFO] 매도 주문 실행: 000120 - 86700원 x 57주 = 4941900원, 타입: VOLATILE_UPTREND, 이윤률: -0.9142857142857144%, reason: 장기보유(+3h) 초저손절 청산, VOLATILE_UPTREND
2025-06-11 13:15:43,703 [INFO] 매도 주문 실행: 051910 - 208000원 x 19주 = 3952000원, 타입: VOLATILE_UPTREND, 이윤률: 0.4830917874396135%, reason: 장기보유(+3h) 초저익절 청산, VOLATILE_UPTREND
2025-06-11 13:15:44,279 [INFO] 매수 주문 실행: 000157 - 549000원 x 10주 = 5490000원, 타입: STABLE_UPTREND, reason: 상승 추세 진입 (모멘텀: 1.1)
2025-06-11 13:24:44,331 [INFO] 매도 주문 실행: 000210 - 46350원 x 86주 = 3986100원, 타입: VOLATILE_UPTREND, 이윤률: -0.3225806451612903%, reason: 장기보유(+3h) 초저손절 청산, VOLATILE_UPTREND
2025-06-11 13:33:46,588 [INFO] 매도 주문 실행: 000157 - 544000원 x 10주 = 5440000원, 타입: STABLE_UPTREND, 이윤률: -1.2750455373406193%, reason: 손절, STABLE_UPTREND
2025-06-11 13:45:48,170 [INFO] 매도 주문 실행: 000660 - 240000원 x 16주 = 3840000원, 타입: VOLATILE_UPTREND, 이윤률: 0.41841004184100417%, reason: 장기보유(+3h) 초저익절 청산, VOLATILE_UPTREND
2025-06-11 14:09:55,229 [INFO] 매도 주문 실행: 000155 - 444000원 x 21주 = 9324000원, 타입: VOLATILE_UPTREND, 이윤률: -1.1135857461024499%, reason: 장기보유(+3h) 초저손절 청산, VOLATILE_UPTREND
2025-06-11 14:58:04,715 [INFO] 매수 주문 실행: 000155 - 451000원 x 13주 = 5863000원, 타입: STABLE_UPTREND, reason: 오후 장 상승 추세 진입 (모멘텀: 1.1)
2025-06-11 15:04:05,912 [INFO] 매도 주문 실행: 000155 - 450000원 x 13주 = 5850000원, 타입: STABLE_UPTREND, 이윤률: -0.3325942350332594%, reason: 장 마감 임박 손실 제한, STABLE_UPTREND
2025-06-11 15:22:09,683 [INFO] 매도 주문 실행: 035420 - 200000원 x 24주 = 4800000원, 타입: STABLE_UPTREND, 이윤률: -0.4975124378109453%, reason: 장기보유(+3h) 초저손절 청산, STABLE_UPTREND
2025-06-11 15:28:07,700 [INFO] 매도 주문 가격 조정: 035420 200000.0 -> 201000 (현재가: 200500, 매도호가: 200500)
2025-06-12 08:00:02,435 [INFO] 모니터링 서버 시작 (http://0.0.0.0:9503)
2025-06-12 09:06:01,832 [INFO] 매도 주문 실행: 373220 - 294000원 x 17주 = 4998000원, 타입: VOLATILE_UPTREND, 이윤률: 0.684931506849315%, reason: 거래량 감소, VOLATILE_UPTREND
2025-06-12 09:12:03,920 [INFO] 매수 주문 실행: 000660 - 245000원 x 24주 = 5880000원, 타입: VOLATILE_UPTREND, reason: 상승 추세 진입 (모멘텀: 1.0)
2025-06-12 09:12:04,292 [INFO] 매수 주문 실행: 005380 - 203000원 x 19주 = 3857000원, 타입: VOLATILE_UPTREND, reason: 상승 추세 진입 (모멘텀: 1.0)
2025-06-12 09:12:06,445 [INFO] 매수 주문 실행: 000100 - 108000원 x 37주 = 3996000원, 타입: VOLATILE_UPTREND, reason: 상승 추세 진입 (모멘텀: 0.9)
2025-06-12 09:15:04,891 [INFO] 매수 주문 실행: 000210 - 47100원 x 127주 = 5981700원, 타입: VOLATILE_UPTREND, reason: 상승 추세 진입 (모멘텀: 1.2)
2025-06-12 09:30:06,797 [INFO] 매수 주문 실행: 373220 - 297000원 x 20주 = 5940000원, 타입: VOLATILE_UPTREND, reason: 상승 추세 진입 (모멘텀: 1.1)
2025-06-12 09:36:10,273 [INFO] 매수 주문 실행: 000250 - 166500원 x 36주 = 5994000원, 타입: VOLATILE_UPTREND, reason: 상승 추세 진입 (모멘텀: 1.6)
2025-06-12 09:39:08,891 [INFO] 매도 주문 실행: 373220 - 299000원 x 20주 = 5980000원, 타입: VOLATILE_UPTREND, 이윤률: 0.7594936708860759%, reason: 거래량 감소, VOLATILE_UPTREND
2025-06-12 09:39:11,388 [INFO] 매수 주문 실행: 068270 - 162000원 x 24주 = 3888000원, 타입: VOLATILE_UPTREND, reason: 상승 추세 진입 (모멘텀: 0.9)
2025-06-12 09:39:11,656 [INFO] 매수 주문 실행: 051910 - 211000원 x 23주 = 4853000원, 타입: VOLATILE_UPTREND, reason: 상승 추세 진입 (모멘텀: 0.9)
2025-06-12 09:45:10,398 [INFO] 매수 주문 실행: 373220 - 301000원 x 19주 = 5719000원, 타입: VOLATILE_UPTREND, reason: 상승 추세 진입 (모멘텀: 1.3)
2025-06-12 09:45:12,758 [INFO] 매수 주문 실행: 035720 - 51300원 x 117주 = 6002100원, 타입: VOLATILE_UPTREND, reason: 상승 추세 진입 (모멘텀: 1.2)
2025-06-12 09:51:14,258 [INFO] 매수 주문 실행: 034730 - 194500원 x 20주 = 3890000원, 타입: VOLATILE_UPTREND, reason: 상승 추세 진입 (모멘텀: 1.0)
2025-06-12 10:06:15,881 [INFO] 매도 주문 실행: 000250 - 163500원 x 36주 = 5886000원, 타입: VOLATILE_UPTREND, 이윤률: -1.5060240963855422%, reason: 즉시 손절, VOLATILE_UPTREND
2025-06-12 10:06:16,542 [INFO] 매수 주문 실행: 000155 - 467000원 x 8주 = 3736000원, 타입: VOLATILE_UPTREND, reason: 상승 추세 진입 (모멘텀: 1.6)
2025-06-12 10:12:16,722 [INFO] 매수 주문 실행: 000150 - 580000원 x 6주 = 3480000원, 타입: VOLATILE_UPTREND, reason: 상승 추세 진입 (모멘텀: 0.9)
2025-06-12 10:39:19,388 [INFO] 매도 주문 실행: 000660 - 241000원 x 24주 = 5784000원, 타입: VOLATILE_UPTREND, 이윤률: -1.8367346938775513%, reason: 즉시 손절, VOLATILE_UPTREND
2025-06-12 11:03:24,160 [INFO] 매도 주문 실행: 035720 - 50500원 x 117주 = 5908500원, 타입: VOLATILE_UPTREND, 이윤률: -1.5594541910331383%, reason: 즉시 손절, VOLATILE_UPTREND
2025-06-12 11:12:25,856 [INFO] 매도 주문 실행: 068270 - 162500원 x 24주 = 3900000원, 타입: VOLATILE_UPTREND, 이윤률: 0.6184291898577613%, reason: 거래량 감소, VOLATILE_UPTREND
2025-06-12 11:15:26,404 [INFO] 매수 주문 실행: 068270 - 163500원 x 24주 = 3924000원, 타입: VOLATILE_UPTREND, reason: 상승 추세 진입 (모멘텀: 0.9)
2025-06-12 11:21:28,006 [INFO] 매도 주문 실행: 000100 - 108000원 x 37주 = 3996000원, 타입: VOLATILE_UPTREND, 이윤률: 0.604370060437006%, reason: 거래량 감소, VOLATILE_UPTREND
2025-06-12 11:24:27,881 [INFO] 매도 주문 실행: 068270 - 164000원 x 24주 = 3936000원, 타입: VOLATILE_UPTREND, 이윤률: 0.98159509202454%, reason: 거래량 감소, VOLATILE_UPTREND
2025-06-12 11:27:26,904 [INFO] 매도 주문 실행: 000210 - 46400원 x 127주 = 5892800원, 타입: VOLATILE_UPTREND, 이윤률: -1.48619957537155%, reason: 즉시 손절, VOLATILE_UPTREND
2025-06-12 11:30:26,172 [ERROR] 보유 종목 로드 중 오류 발생: dictionary changed size during iteration
2025-06-12 11:33:29,259 [INFO] 매수 주문 실행: 035720 - 50800원 x 78주 = 3962400원, 타입: VOLATILE_UPTREND, reason: 상승 추세 진입 (모멘텀: 0.9)
2025-06-12 11:39:30,419 [INFO] 매도 주문 실행: 000155 - 459000원 x 8주 = 3672000원, 타입: VOLATILE_UPTREND, 이윤률: -1.7130620985010707%, reason: 즉시 손절, VOLATILE_UPTREND
2025-06-12 11:54:31,967 [INFO] 매수 주문 실행: 000250 - 166500원 x 30주 = 4995000원, 타입: VOLATILE_UPTREND, reason: 상승 추세 진입 (모멘텀: 0.9)
2025-06-12 12:12:34,229 [INFO] 매도 주문 실행: 000150 - 584000원 x 6주 = 3504000원, 타입: VOLATILE_UPTREND, 이윤률: 0.5172413793103449%, reason: 거래량 감소, VOLATILE_UPTREND
2025-06-12 12:18:35,304 [INFO] 매도 주문 실행: 000250 - 167000원 x 30주 = 5010000원, 타입: VOLATILE_UPTREND, 이윤률: 0.783132530120482%, reason: 거래량 감소, VOLATILE_UPTREND
2025-06-12 13:00:38,000 [INFO] 매도 주문 실행: 373220 - 300000원 x 19주 = 5700000원, 타입: VOLATILE_UPTREND, 이윤률: -0.33222591362126247%, reason: 장기보유(+3h) 초저손절 청산, VOLATILE_UPTREND
2025-06-12 13:00:39,005 [INFO] 매도 주문 실행: 005380 - 201000원 x 19주 = 3819000원, 타입: VOLATILE_UPTREND, 이윤률: -0.9852216748768473%, reason: 장기보유(+3h) 초저손절 청산, VOLATILE_UPTREND
2025-06-12 13:42:45,028 [INFO] 매도 주문 실행: 051910 - 212000원 x 23주 = 4876000원, 타입: VOLATILE_UPTREND, 이윤률: 0.47393364928909953%, reason: 장기보유(+3h) 초저익절 청산, VOLATILE_UPTREND
2025-06-12 13:54:46,348 [INFO] 매도 주문 실행: 035720 - 51100원 x 78주 = 3985800원, 타입: VOLATILE_UPTREND, 이윤률: 0.5905511811023622%, reason: 장기보유(+3h) 초저익절 청산, VOLATILE_UPTREND
2025-06-12 14:36:52,744 [INFO] 매도 주문 실행: 034730 - 193000원 x 20주 = 3860000원, 타입: VOLATILE_UPTREND, 이윤률: -0.46367851622874806%, reason: 장기보유(+3h) 초저손절 청산, VOLATILE_UPTREND
2025-06-13 08:00:02,169 [INFO] 모니터링 서버 시작 (http://0.0.0.0:9503)
2025-06-13 08:00:03,259 [INFO] 모니터링 서버 시작 (http://0.0.0.0:9503)
2025-06-13 11:37:01,803 [INFO] 모니터링 서버 시작 (http://0.0.0.0:9503)
2025-06-13 11:46:12,685 [INFO] 매수 주문 실행: 005810 - 44600원 x 89주 = 3969400원, 타입: VOLATILE_UPTREND, reason: 상승 추세 진입 (모멘텀: 1.6)
2025-06-13 11:55:14,654 [INFO] 매도 주문 실행: 005810 - 44100원 x 89주 = 3924900원, 타입: VOLATILE_UPTREND, 이윤률: -1.1210762331838564%, reason: 손절, VOLATILE_UPTREND
2025-06-14 08:00:02,912 [INFO] 모니터링 서버 시작 (http://0.0.0.0:9503)
2025-06-15 08:00:02,573 [INFO] 모니터링 서버 시작 (http://0.0.0.0:9503)
2025-06-16 08:00:02,367 [INFO] 모니터링 서버 시작 (http://0.0.0.0:9503)
2025-06-16 09:06:01,131 [INFO] 매수 주문 실행: 000150 - 576000원 x 6주 = 3456000원, 타입: VOLATILE_UPTREND, reason: 상승 추세 진입 (모멘텀: 7.1)
2025-06-16 09:06:01,999 [INFO] 매수 주문 실행: 000157 - 555000원 x 9주 = 4995000원, 타입: VOLATILE_UPTREND, reason: 상승 추세 진입 (모멘텀: 23.7)
2025-06-16 09:06:02,458 [INFO] 매수 주문 실행: 017670 - 55000원 x 91주 = 5005000원, 타입: VOLATILE_UPTREND, reason: 상승 추세 진입 (모멘텀: 4.0)
2025-06-16 09:09:01,757 [INFO] 매수 주문 실행: 035720 - 52500원 x 76주 = 3990000원, 타입: VOLATILE_UPTREND, reason: 상승 추세 진입 (모멘텀: 1.6)
2025-06-16 09:09:02,458 [INFO] 매수 주문 실행: 000157 - 559000원 x 7주 = 3913000원, 타입: VOLATILE_UPTREND, reason: 상승 추세 진입 (모멘텀: 1.9)
2025-06-16 09:09:04,072 [INFO] 매수 주문 실행: 000660 - 242000원 x 24주 = 5808000원, 타입: VOLATILE_UPTREND, reason: 상승 추세 진입 (모멘텀: 2.0)
2025-06-16 09:12:02,767 [INFO] 매도 주문 실행: 000157 - 569000원 x 8주 = 4552000원, 타입: VOLATILE_UPTREND, 이윤률: 1.4311270125223614%, reason: 거래량 감소, VOLATILE_UPTREND
2025-06-16 09:18:02,257 [INFO] 매도 주문 실행: 000150 - 581000원 x 6주 = 3486000원, 타입: VOLATILE_UPTREND, 이윤률: 0.6944444444444444%, reason: 거래량 감소, VOLATILE_UPTREND
2025-06-16 09:18:02,578 [INFO] 매도 주문 실행: 035720 - 52000원 x 76주 = 3952000원, 타입: VOLATILE_UPTREND, 이윤률: -0.9523809523809524%, reason: 손절, VOLATILE_UPTREND
2025-06-16 09:18:04,817 [INFO] 매도 주문 실행: 000660 - 240000원 x 24주 = 5760000원, 타입: VOLATILE_UPTREND, 이윤률: -0.8264462809917356%, reason: 손절, VOLATILE_UPTREND
2025-06-16 09:24:04,856 [INFO] 매수 주문 실행: 000215 - 24000원 x 167주 = 4008000원, 타입: VOLATILE_UPTREND, reason: 상승 추세 진입 (모멘텀: 1.9)
2025-06-16 09:30:05,034 [INFO] 매도 주문 실행: 017670 - 54500원 x 91주 = 4959500원, 타입: VOLATILE_UPTREND, 이윤률: -0.9090909090909091%, reason: 손절, VOLATILE_UPTREND
2025-06-16 09:51:06,651 [INFO] 매도 주문 실행: 000157 - 554000원 x 8주 = 4432000원, 타입: VOLATILE_UPTREND, 이윤률: -1.2522361359570662%, reason: 손절, VOLATILE_UPTREND
2025-06-16 10:12:09,687 [INFO] 매도 주문 실행: 000215 - 24250원 x 167주 = 4049750원, 타입: VOLATILE_UPTREND, 이윤률: 1.0416666666666665%, reason: 거래량 감소, VOLATILE_UPTREND
2025-06-16 10:21:08,734 [INFO] 매수 주문 실행: 000150 - 603000원 x 9주 = 5427000원, 타입: VOLATILE_UPTREND, reason: 상승 추세 진입 (모멘텀: 1.6)
2025-06-16 10:21:09,332 [INFO] 매수 주문 실행: 000155 - 458000원 x 8주 = 3664000원, 타입: VOLATILE_UPTREND, reason: 상승 추세 진입 (모멘텀: 1.5)
2025-06-16 10:27:10,158 [INFO] 매도 주문 실행: 000155 - 455000원 x 8주 = 3640000원, 타입: VOLATILE_UPTREND, 이윤률: -0.8733624454148471%, reason: 손절, VOLATILE_UPTREND
2025-06-16 11:00:13,571 [INFO] 매수 주문 실행: 000075 - 87500원 x 68주 = 5950000원, 타입: VOLATILE_UPTREND, reason: 상승 추세 진입 (모멘텀: 1.6)
2025-06-16 11:03:14,039 [INFO] 매수 주문 실행: 000075 - 87600원 x 57주 = 4993200원, 타입: VOLATILE_UPTREND, reason: 상승 추세 진입 (모멘텀: 1.6)
2025-06-16 11:09:13,799 [INFO] 매도 주문 실행: 000150 - 597000원 x 9주 = 5373000원, 타입: VOLATILE_UPTREND, 이윤률: -1.1608623548922055%, reason: 손절, VOLATILE_UPTREND
2025-06-16 11:30:18,054 [INFO] 매수 주문 실행: 000210 - 45950원 x 130주 = 5973500원, 타입: VOLATILE_UPTREND, reason: 상승 추세 진입 (모멘텀: 1.6)
2025-06-16 11:36:18,556 [INFO] 매도 주문 실행: 000210 - 45450원 x 130주 = 5908500원, 타입: VOLATILE_UPTREND, 이윤률: -1.1969532100108813%, reason: 손절, VOLATILE_UPTREND
2025-06-16 15:00:43,961 [INFO] 매도 주문 실행: 000075 - 88900원 x 57주 = 5067300원, 타입: VOLATILE_UPTREND, 이윤률: 1.4840182648401825%, reason: 장 마감 임박 수익 실현, VOLATILE_UPTREND
2025-06-17 08:00:02,100 [INFO] 모니터링 서버 시작 (http://0.0.0.0:9503)
2025-06-17 09:00:01,527 [INFO] 매도 주문 실행: 000075 - 92700원 x 57주 = 5283900원, 타입: VOLATILE_UPTREND, 이윤률: 1.5981735159817352%, reason: 거래량 감소, VOLATILE_UPTREND
2025-06-17 09:06:02,604 [INFO] 매수 주문 실행: 373220 - 295000원 x 16주 = 4720000원, 타입: VOLATILE_UPTREND, reason: 상승 추세 진입 (모멘텀: 2.3)
2025-06-17 09:15:03,428 [INFO] 매수 주문 실행: 005930 - 58900원 x 102주 = 6007800원, 타입: VOLATILE_UPTREND, reason: 상승 추세 진입 (모멘텀: 1.5)
2025-06-17 09:24:03,410 [INFO] 매수 주문 실행: 000215 - 24700원 x 162주 = 4001400원, 타입: VOLATILE_UPTREND, reason: 상승 추세 진입 (모멘텀: 2.3)
2025-06-17 09:30:03,260 [INFO] 매수 주문 실행: 000660 - 259000원 x 23주 = 5957000원, 타입: VOLATILE_UPTREND, reason: 상승 추세 진입 (모멘텀: 1.6)
2025-06-17 09:30:03,947 [INFO] 매도 주문 실행: 000215 - 25050원 x 53주 = 1327650원, 타입: VOLATILE_UPTREND, 이윤률: 0.6072874493927125%, reason: 거래량 감소, VOLATILE_UPTREND
2025-06-17 09:30:04,740 [INFO] 매도 주문 실행: 373220 - 297000원 x 16주 = 4752000원, 타입: VOLATILE_UPTREND, 이윤률: 0.5084745762711864%, reason: 거래량 감소, VOLATILE_UPTREND
2025-06-17 09:33:05,196 [INFO] 매도 주문 실행: 005930 - 59600원 x 102주 = 6079200원, 타입: VOLATILE_UPTREND, 이윤률: 1.1884550084889642%, reason: 거래량 감소, VOLATILE_UPTREND
2025-06-17 09:54:05,929 [INFO] 매수 주문 실행: 000155 - 449000원 x 8주 = 3592000원, 타입: VOLATILE_UPTREND, reason: 상승 추세 진입 (모멘텀: 1.4)
2025-06-17 09:57:06,496 [INFO] 매수 주문 실행: 000150 - 620000원 x 9주 = 5580000원, 타입: VOLATILE_UPTREND, reason: 상승 추세 진입 (모멘텀: 1.6)
2025-06-17 10:09:06,553 [INFO] 매도 주문 실행: 000660 - 257000원 x 23주 = 5911000원, 타입: VOLATILE_UPTREND, 이윤률: -0.9652509652509652%, reason: 손절, VOLATILE_UPTREND
2025-06-17 10:09:07,576 [INFO] 매도 주문 실행: 000150 - 625000원 x 9주 = 5625000원, 타입: VOLATILE_UPTREND, 이윤률: 0.6451612903225806%, reason: 거래량 감소, VOLATILE_UPTREND
2025-06-17 10:21:08,982 [INFO] 매도 주문 실행: 000215 - 24550원 x 109주 = 2675950원, 타입: VOLATILE_UPTREND, 이윤률: -1.0121457489878543%, reason: 손절, VOLATILE_UPTREND
2025-06-17 11:24:17,093 [INFO] 매도 주문 실행: 000155 - 445000원 x 8주 = 3560000원, 타입: VOLATILE_UPTREND, 이윤률: -1.1135857461024499%, reason: 손절, VOLATILE_UPTREND
2025-06-18 08:00:02,855 [INFO] 모니터링 서버 시작 (http://0.0.0.0:9503)
2025-06-18 09:00:01,279 [INFO] 매도 주문 실행: 000215 - 24350원 x 63주 = 1534050원, 타입: VOLATILE_UPTREND, 이윤률: -1.8218623481781375%, reason: 손절, VOLATILE_UPTREND
2025-06-18 09:00:01,438 [INFO] 매도 주문 실행: 000075 - 91700원 x 57주 = 5226900원, 타입: VOLATILE_UPTREND, 이윤률: -1.82648401826484%, reason: 손절, VOLATILE_UPTREND
2025-06-18 09:00:02,409 [INFO] 매도 주문 실행: 000660 - 246000원 x 23주 = 5658000원, 타입: VOLATILE_UPTREND, 이윤률: -5.212355212355212%, reason: 손절, VOLATILE_UPTREND
2025-06-18 09:06:02,131 [INFO] 매수 주문 실행: 373220 - 294000원 x 13주 = 3822000원, 타입: VOLATILE_UPTREND, reason: 상승 추세 진입 (모멘텀: 2.1)
2025-06-18 09:09:02,528 [INFO] 매수 주문 실행: 035720 - 52800원 x 113주 = 5966400원, 타입: VOLATILE_UPTREND, reason: 상승 추세 진입 (모멘텀: 1.6)
2025-06-18 09:12:02,789 [INFO] 매도 주문 실행: 035720 - 53100원 x 113주 = 6000300원, 타입: VOLATILE_UPTREND, 이윤률: 0.5681818181818182%, reason: 거래량 감소, VOLATILE_UPTREND
2025-06-18 09:24:04,665 [INFO] 매수 주문 실행: 035720 - 53800원 x 74주 = 3981200원, 타입: VOLATILE_UPTREND, reason: 상승 추세 진입 (모멘텀: 1.4)
2025-06-18 09:27:05,015 [INFO] 매도 주문 실행: 373220 - 292000원 x 13주 = 3796000원, 타입: VOLATILE_UPTREND, 이윤률: -0.8503401360544218%, reason: 손절, VOLATILE_UPTREND
2025-06-18 09:36:05,851 [ERROR] 보유 종목 로드 중 오류 발생: dictionary changed size during iteration
2025-06-18 09:36:07,135 [INFO] 매수 주문 실행: 035420 - 225000원 x 26주 = 5850000원, 타입: VOLATILE_UPTREND, reason: 상승 추세 진입 (모멘텀: 1.5)
2025-06-18 09:45:08,430 [INFO] 매도 주문 실행: 035720 - 54500원 x 74주 = 4033000원, 타입: VOLATILE_UPTREND, 이윤률: 1.3011152416356877%, reason: 거래량 감소, VOLATILE_UPTREND
2025-06-18 09:45:08,784 [INFO] 매도 주문 실행: 035420 - 228000원 x 26주 = 5928000원, 타입: VOLATILE_UPTREND, 이윤률: 1.3333333333333335%, reason: 거래량 감소, VOLATILE_UPTREND
2025-06-18 09:57:09,287 [INFO] 매수 주문 실행: 035420 - 233000원 x 21주 = 4893000원, 타입: VOLATILE_UPTREND, reason: 상승 추세 진입 (모멘텀: 1.7)
2025-06-18 10:00:09,810 [INFO] 매도 주문 실행: 035420 - 231000원 x 21주 = 4851000원, 타입: VOLATILE_UPTREND, 이윤률: -0.8583690987124464%, reason: 손절, VOLATILE_UPTREND
2025-06-19 08:00:02,756 [INFO] 모니터링 서버 시작 (http://0.0.0.0:9503)
2025-06-19 09:06:03,561 [INFO] 매도 주문 실행: 000075 - 87300원 x 57주 = 4976100원, 타입: VOLATILE_UPTREND, 이윤률: -1.82648401826484%, reason: 손절, VOLATILE_UPTREND
2025-06-19 09:09:03,893 [INFO] 매수 주문 실행: 005380 - 209000원 x 19주 = 3971000원, 타입: VOLATILE_UPTREND, reason: 상승 추세 진입 (모멘텀: 1.5)
2025-06-19 09:09:05,327 [INFO] 매수 주문 실행: 035720 - 59100원 x 67주 = 3959700원, 타입: VOLATILE_UPTREND, reason: 상승 추세 진입 (모멘텀: 4.2)
2025-06-19 09:12:04,701 [INFO] 매도 주문 실행: 005380 - 207000원 x 19주 = 3933000원, 타입: VOLATILE_UPTREND, 이윤률: -0.9569377990430622%, reason: 손절, VOLATILE_UPTREND
2025-06-19 09:12:06,150 [INFO] 매도 주문 실행: 035720 - 58200원 x 67주 = 3899400원, 타입: VOLATILE_UPTREND, 이윤률: -1.5228426395939088%, reason: 손절, VOLATILE_UPTREND
2025-06-19 09:30:09,647 [INFO] 매수 주문 실행: 035720 - 59900원 x 66주 = 3953400원, 타입: VOLATILE_UPTREND, reason: 상승 추세 진입 (모멘텀: 1.8)
2025-06-19 09:36:10,089 [INFO] 매도 주문 실행: 035720 - 60400원 x 66주 = 3986400원, 타입: VOLATILE_UPTREND, 이윤률: 0.8347245409015025%, reason: 거래량 감소, VOLATILE_UPTREND
2025-06-19 09:39:08,326 [ERROR] 보유 종목 로드 중 오류 발생: dictionary changed size during iteration
2025-06-19 10:00:15,238 [INFO] 매수 주문 실행: 035720 - 61500원 x 81주 = 4981500원, 타입: VOLATILE_UPTREND, reason: 상승 추세 진입 (모멘텀: 1.7)
2025-06-19 10:09:16,878 [INFO] 매도 주문 실행: 035720 - 60900원 x 81주 = 4932900원, 타입: VOLATILE_UPTREND, 이윤률: -0.975609756097561%, reason: 손절, VOLATILE_UPTREND
2025-06-20 08:00:02,443 [INFO] 모니터링 서버 시작 (http://0.0.0.0:9503)
2025-06-20 09:00:04,002 [INFO] 매도 주문 실행: 000075 - 87500원 x 57주 = 4987500원, 타입: VOLATILE_UPTREND, 이윤률: -2.6255707762557075%, reason: 손절, VOLATILE_UPTREND
2025-06-20 09:48:10,486 [INFO] 매수 주문 실행: 035720 - 60100원 x 83주 = 4988300원, 타입: VOLATILE_UPTREND, reason: 상승 추세 진입 (모멘텀: 1.5)
2025-06-20 09:51:12,802 [INFO] 매수 주문 실행: 000157 - 480000원 x 10주 = 4800000원, 타입: VOLATILE_UPTREND, reason: 상승 추세 진입 (모멘텀: 1.6)
2025-06-20 09:54:11,095 [INFO] 매수 주문 실행: 000150 - 606000원 x 8주 = 4848000원, 타입: VOLATILE_UPTREND, reason: 상승 추세 진입 (모멘텀: 1.6)
2025-06-20 10:06:14,654 [INFO] 매도 주문 실행: 000157 - 476000원 x 10주 = 4760000원, 타입: VOLATILE_UPTREND, 이윤률: -0.8333333333333334%, reason: 손절, VOLATILE_UPTREND
2025-06-20 10:09:12,923 [INFO] 매도 주문 실행: 000150 - 602000원 x 8주 = 4816000원, 타입: VOLATILE_UPTREND, 이윤률: -0.825082508250825%, reason: 손절, VOLATILE_UPTREND
2025-06-20 10:15:14,093 [INFO] 매도 주문 실행: 035720 - 61500원 x 83주 = 5104500원, 타입: VOLATILE_UPTREND, 이윤률: 2.329450915141431%, reason: 목표 수익 달성, VOLATILE_UPTREND
2025-06-20 10:54:17,863 [INFO] 매수 주문 실행: 000120 - 88800원 x 56주 = 4972800원, 타입: VOLATILE_UPTREND, reason: 상승 추세 진입 (모멘텀: 1.4)
2025-06-20 10:57:18,245 [INFO] 매도 주문 실행: 000120 - 89500원 x 56주 = 5012000원, 타입: VOLATILE_UPTREND, 이윤률: 0.6756756756756757%, reason: 거래량 감소, VOLATILE_UPTREND
2025-06-21 08:00:02,174 [INFO] 모니터링 서버 시작 (http://0.0.0.0:9503)
2025-06-22 08:00:02,829 [INFO] 모니터링 서버 시작 (http://0.0.0.0:9503)
2025-06-23 08:00:02,661 [INFO] 모니터링 서버 시작 (http://0.0.0.0:9503)
2025-06-23 09:00:02,370 [INFO] 매도 주문 실행: 000075 - 86200원 x 57주 = 4913400원, 타입: VOLATILE_UPTREND, 이윤률: -1.7123287671232876%, reason: 손절, VOLATILE_UPTREND
2025-06-23 09:39:07,164 [INFO] 매수 주문 실행: 000157 - 487000원 x 12주 = 5844000원, 타입: VOLATILE_UPTREND, reason: 상승 추세 진입 (모멘텀: 1.4)
2025-06-23 09:54:08,268 [INFO] 매수 주문 실행: 035420 - 281000원 x 14주 = 3934000원, 타입: VOLATILE_UPTREND, reason: 상승 추세 진입 (모멘텀: 1.5)
2025-06-23 09:57:09,040 [INFO] 매도 주문 실행: 000157 - 491000원 x 12주 = 5892000원, 타입: VOLATILE_UPTREND, 이윤률: 0.6160164271047228%, reason: 거래량 감소, VOLATILE_UPTREND
2025-06-23 10:09:09,710 [INFO] 매도 주문 실행: 035420 - 278000원 x 14주 = 3892000원, 타입: VOLATILE_UPTREND, 이윤률: -1.2455516014234875%, reason: 손절, VOLATILE_UPTREND
2025-06-23 10:51:13,350 [INFO] 매수 주문 실행: 000250 - 170000원 x 35주 = 5950000원, 타입: VOLATILE_UPTREND, reason: 상승 추세 진입 (모멘텀: 1.8)
2025-06-23 10:57:14,292 [INFO] 매도 주문 실행: 000250 - 167500원 x 35주 = 5862500원, 타입: VOLATILE_UPTREND, 이윤률: -1.0017678255745435%, reason: 손절, VOLATILE_UPTREND
2025-06-23 13:51:53,181 [INFO] 매수 주문 실행: 035420 - 283000원 x 21주 = 5943000원, 타입: STABLE_UPTREND, reason: 오후 장 상승 추세 진입 (모멘텀: 1.8)
2025-06-23 14:12:56,307 [INFO] 매도 주문 실행: 035420 - 286000원 x 21주 = 6006000원, 타입: STABLE_UPTREND, 이윤률: 0.88339222614841%, reason: 수익 구간 보호 매도, STABLE_UPTREND